// Jest Snapshot v1, https://goo.gl/fbAQLP

exports[`should render AddExpensePage correctly 1`] = `
<div
  className="content-container"
>
  <div
    className="page-header bold"
  >
    Add Expense
  </div>
  <ExpenseForm
    onSubmit={[Function]}
  />
</div>
`;
